// Jest Snapshot v1, https://goo.gl/fbAQLP

exports[`Topics renders correctly 1`] = `
<div
  className="topics"
>
  <ul
    className="topics__list"
  >
    <li
      className="topics__list-item"
    >
      <a
        className="topics__list-item-link"
        href="/topic/test-0"
      >
        test_0
      </a>
    </li>
    <li
      className="topics__list-item"
    >
      <a
        className="topics__list-item-link"
        href="/topic/test-1"
      >
        test_1
      </a>
    </li>
  </ul>
</div>
`;
